hnwuofeuwb
